    <saml:Assertion xmlns:xsi="http://www.w3.org/2001/XMLSchema-instance"
                    xmlns:xs="http://www.w3.org/2001/XMLSchema"
                    ID="_7ccdda8bc6b328570c03b218d7521772998da45374"
                    Version="2.0"
                    IssueInstant="2011-08-11T23:38:34Z"
                    >
        <saml:Issuer>http://127.0.0.1/simplesaml/saml2/idp/metadata.php</saml:Issuer>
        <saml:Subject>
            <saml:NameID SPNameQualifier="google.com"
                         Format="urn:oasis:names:tc:SAML:2.0:nameid-format:email"
                         >student@abrickaday.com</saml:NameID>
            <saml:SubjectConfirmation Method="urn:oasis:names:tc:SAML:2.0:cm:bearer">
                <saml:SubjectConfirmationData NotOnOrAfter="2011-08-11T23:43:34Z"
                                              Recipient="https://www.google.com/a/abrickaday.com/acs"
                                              InResponseTo="mpjibjdppiodcpciaefmdahiipjpcghdcfjodkbi"
                                              />
            </saml:SubjectConfirmation>
        </saml:Subject>
        <saml:Conditions NotBefore="2011-08-11T23:38:04Z"
                         NotOnOrAfter="2011-08-11T23:43:34Z"
                         >
            <saml:AudienceRestriction>
                <saml:Audience>google.com</saml:Audience>
            </saml:AudienceRestriction>
        </saml:Conditions>
        <saml:AuthnStatement AuthnInstant="2011-08-11T23:38:34Z"
                             SessionNotOnOrAfter="2011-08-12T07:38:34Z"
                             SessionIndex="_ee277dff4e2db138d25dfcea7ccdf1d1db9ddea3f5"
                             >
            <saml:AuthnContext>
                <saml:AuthnContextClassRef>urn:oasis:names:tc:SAML:2.0:ac:classes:Password</saml:AuthnContextClassRef>
            </saml:AuthnContext>
        </saml:AuthnStatement>
    </saml:Assertion>
