<samlp:Response xmlns:samlp="urn:oasis:names:tc:SAML:2.0:protocol"
                xmlns:saml="urn:oasis:names:tc:SAML:2.0:assertion"
                ID="_2972e82c07bb5453956cc11fb19cad97ed26ff8bb4"
                Version="2.0"
                IssueInstant="2011-08-11T23:38:34Z"
                Destination="https://www.google.com/a/abrickaday.com/acs"
                InResponseTo="mpjibjdppiodcpciaefmdahiipjpcghdcfjodkbi"
                >
    <saml:Issuer>http://127.0.0.1/simplesaml/saml2/idp/metadata.php</saml:Issuer>
    <ds:Signature xmlns:ds="http://www.w3.org/2000/09/xmldsig#">
        <ds:SignedInfo>
            <ds:CanonicalizationMethod Algorithm="http://www.w3.org/2001/10/xml-exc-c14n#" />
            <ds:SignatureMethod Algorithm="http://www.w3.org/2000/09/xmldsig#rsa-sha1" />
            <ds:Reference URI="#_2972e82c07bb5453956cc11fb19cad97ed26ff8bb4">
                <ds:Transforms>
                    <ds:Transform Algorithm="http://www.w3.org/2000/09/xmldsig#enveloped-signature" />
                    <ds:Transform Algorithm="http://www.w3.org/2001/10/xml-exc-c14n#" />
                </ds:Transforms>
                <ds:DigestMethod Algorithm="http://www.w3.org/2000/09/xmldsig#sha1" />
                <ds:DigestValue>hI+IRHRPC77suriMAt4gVVCcQgc=</ds:DigestValue>
            </ds:Reference>
        </ds:SignedInfo>
        <ds:SignatureValue>JJObb8Wc37VgBpD1bxMm6pStovjiK7wbL9U/vI1f3aIjIZrtZ2XfwzZiXoDROS0Aov33lNhM9yypZepQJpRrABZoxhcpg03C0GBhyREBC2HtWvmMaA6GP5oiojPJ1VCF3ArECht1RSMISLak/YxqiP6vgnQfZkuiKcaA8vEpAsI=</ds:SignatureValue>
        <ds:KeyInfo>
            <ds:X509Data>
                <ds:X509Certificate>MIICgTCCAeoCCQCbOlrWDdX7FTANBgkqhkiG9w0BAQUFADCBhDELMAkGA1UEBhMCTk8xGDAWBgNVBAgTD0FuZHJlYXMgU29sYmVyZzEMMAoGA1UEBxMDRm9vMRAwDgYDVQQKEwdVTklORVRUMRgwFgYDVQQDEw9mZWlkZS5lcmxhbmcubm8xITAfBgkqhkiG9w0BCQEWEmFuZHJlYXNAdW5pbmV0dC5ubzAeFw0wNzA2MTUxMjAxMzVaFw0wNzA4MTQxMjAxMzVaMIGEMQswCQYDVQQGEwJOTzEYMBYGA1UECBMPQW5kcmVhcyBTb2xiZXJnMQwwCgYDVQQHEwNGb28xEDAOBgNVBAoTB1VOSU5FVFQxGDAWBgNVBAMTD2ZlaWRlLmVybGFuZy5ubzEhMB8GCSqGSIb3DQEJARYSYW5kcmVhc0B1bmluZXR0Lm5vMIGfMA0GCSqGSIb3DQEBAQUAA4GNADCBiQKBgQDivbhR7P516x/S3BqKxupQe0LONoliupiBOesCO3SHbDrl3+q9IbfnfmE04rNuMcPsIxB161TdDpIesLCn7c8aPHISKOtPlAeTZSnb8QAu7aRjZq3+PbrP5uW3TcfCGPtKTytHOge/OlJbo078dVhXQ14d1EDwXJW1rRXuUt4C8QIDAQABMA0GCSqGSIb3DQEBBQUAA4GBACDVfp86HObqY+e8BUoWQ9+VMQx1ASDohBjwOsg2WykUqRXF+dLfcUH9dWR63CtZIKFDbStNomPnQz7nbK+onygwBspVEbnHuUihZq3ZUdmumQqCw4Uvs/1Uvq3orOo/WJVhTyvLgFVK2QarQ4/67OZfHd7R+POBXhophSMv1ZOo</ds:X509Certificate>
            </ds:X509Data>
        </ds:KeyInfo>
    </ds:Signature>
    <samlp:Status>
        <samlp:StatusCode Value="urn:oasis:names:tc:SAML:2.0:status:Success" />
    </samlp:Status>
    <saml:Assertion xmlns:xsi="http://www.w3.org/2001/XMLSchema-instance"
                    xmlns:xs="http://www.w3.org/2001/XMLSchema"
                    ID="_7ccdda8bc6b328570c03b218d7521772998da45374"
                    Version="2.0"
                    IssueInstant="2011-08-11T23:38:34Z"
                    >
        <saml:Issuer>http://127.0.0.1/simplesaml/saml2/idp/metadata.php</saml:Issuer>
        <ds:Signature xmlns:ds="http://www.w3.org/2000/09/xmldsig#">
            <ds:SignedInfo>
                <ds:CanonicalizationMethod Algorithm="http://www.w3.org/2001/10/xml-exc-c14n#" />
                <ds:SignatureMethod Algorithm="http://www.w3.org/2000/09/xmldsig#rsa-sha1" />
                <ds:Reference URI="#_7ccdda8bc6b328570c03b218d7521772998da45374">
                    <ds:Transforms>
                        <ds:Transform Algorithm="http://www.w3.org/2000/09/xmldsig#enveloped-signature" />
                        <ds:Transform Algorithm="http://www.w3.org/2001/10/xml-exc-c14n#" />
                    </ds:Transforms>
                    <ds:DigestMethod Algorithm="http://www.w3.org/2000/09/xmldsig#sha1" />
                    <ds:DigestValue>+MLL+uOK47d8SFFIBVrvSUl8Q9c=</ds:DigestValue>
                </ds:Reference>
            </ds:SignedInfo>
            <ds:SignatureValue>hd75jI5uTh29dZvQ3cT31+Fypw5xTyMCrsAoDWI++e7ybwIjq3AGC6k+jM+C0aZacjmKAAbDBkSb9QXvNX0cHf8A6qSmab1hIZ33Yd/XCO1y9uoHPB1bLayg1dCGjwPxAOuFZzx6O7kdo5UzUa3YNFCCNZboAcFnwhZfCHDax9Y=</ds:SignatureValue>
            <ds:KeyInfo>
                <ds:X509Data>
                    <ds:X509Certificate>MIICgTCCAeoCCQCbOlrWDdX7FTANBgkqhkiG9w0BAQUFADCBhDELMAkGA1UEBhMCTk8xGDAWBgNVBAgTD0FuZHJlYXMgU29sYmVyZzEMMAoGA1UEBxMDRm9vMRAwDgYDVQQKEwdVTklORVRUMRgwFgYDVQQDEw9mZWlkZS5lcmxhbmcubm8xITAfBgkqhkiG9w0BCQEWEmFuZHJlYXNAdW5pbmV0dC5ubzAeFw0wNzA2MTUxMjAxMzVaFw0wNzA4MTQxMjAxMzVaMIGEMQswCQYDVQQGEwJOTzEYMBYGA1UECBMPQW5kcmVhcyBTb2xiZXJnMQwwCgYDVQQHEwNGb28xEDAOBgNVBAoTB1VOSU5FVFQxGDAWBgNVBAMTD2ZlaWRlLmVybGFuZy5ubzEhMB8GCSqGSIb3DQEJARYSYW5kcmVhc0B1bmluZXR0Lm5vMIGfMA0GCSqGSIb3DQEBAQUAA4GNADCBiQKBgQDivbhR7P516x/S3BqKxupQe0LONoliupiBOesCO3SHbDrl3+q9IbfnfmE04rNuMcPsIxB161TdDpIesLCn7c8aPHISKOtPlAeTZSnb8QAu7aRjZq3+PbrP5uW3TcfCGPtKTytHOge/OlJbo078dVhXQ14d1EDwXJW1rRXuUt4C8QIDAQABMA0GCSqGSIb3DQEBBQUAA4GBACDVfp86HObqY+e8BUoWQ9+VMQx1ASDohBjwOsg2WykUqRXF+dLfcUH9dWR63CtZIKFDbStNomPnQz7nbK+onygwBspVEbnHuUihZq3ZUdmumQqCw4Uvs/1Uvq3orOo/WJVhTyvLgFVK2QarQ4/67OZfHd7R+POBXhophSMv1ZOo</ds:X509Certificate>
                </ds:X509Data>
            </ds:KeyInfo>
        </ds:Signature>
        <saml:Subject>
            <saml:NameID SPNameQualifier="google.com"
                         Format="urn:oasis:names:tc:SAML:2.0:nameid-format:email"
                         >student@abrickaday.com</saml:NameID>
            <saml:SubjectConfirmation Method="urn:oasis:names:tc:SAML:2.0:cm:bearer">
                <saml:SubjectConfirmationData NotOnOrAfter="2011-08-11T23:43:34Z"
                                              Recipient="https://www.google.com/a/abrickaday.com/acs"
                                              InResponseTo="mpjibjdppiodcpciaefmdahiipjpcghdcfjodkbi"
                                              />
            </saml:SubjectConfirmation>
        </saml:Subject>
        <saml:Conditions NotBefore="2011-08-11T23:38:04Z"
                         NotOnOrAfter="2011-08-11T23:43:34Z"
                         >
            <saml:AudienceRestriction>
                <saml:Audience>google.com</saml:Audience>
            </saml:AudienceRestriction>
        </saml:Conditions>
        <saml:AuthnStatement AuthnInstant="2011-08-11T23:38:34Z"
                             SessionNotOnOrAfter="2011-08-12T07:38:34Z"
                             SessionIndex="_ee277dff4e2db138d25dfcea7ccdf1d1db9ddea3f5"
                             >
            <saml:AuthnContext>
                <saml:AuthnContextClassRef>urn:oasis:names:tc:SAML:2.0:ac:classes:Password</saml:AuthnContextClassRef>
            </saml:AuthnContext>
        </saml:AuthnStatement>
    </saml:Assertion>
</samlp:Response>
