<ds:Signature xmlns:ds="http://www.w3.org/2000/09/xmldsig#">
    <ds:SignedInfo>
        <ds:CanonicalizationMethod Algorithm="http://www.w3.org/2001/10/xml-exc-c14n#" />
        <ds:SignatureMethod Algorithm="http://www.w3.org/2000/09/xmldsig#rsa-sha1" />
        <ds:Reference URI="#_2972e82c07bb5453956cc11fb19cad97ed26ff8bb4">
            <ds:Transforms>
                <ds:Transform Algorithm="http://www.w3.org/2000/09/xmldsig#enveloped-signature" />
                <ds:Transform Algorithm="http://www.w3.org/2001/10/xml-exc-c14n#" />
            </ds:Transforms>
            <ds:DigestMethod Algorithm="http://www.w3.org/2000/09/xmldsig#sha1" />
            <ds:DigestValue>3/cwmsrsDSbgyQkMxtXmCT/Il0w=</ds:DigestValue>
        </ds:Reference>
    </ds:SignedInfo>
    <ds:SignatureValue>Iy4PXI7kAkT/z3W9X+Ppj1t4100wRIZfOOjaNcKrtob4zb42SSLTT/pF2f/evXRBydlLqUKDSo1fM756L4p8Xg==</ds:SignatureValue>
    <ds:KeyInfo>
        <ds:X509Data>
            <ds:X509Certificate>LS0tLS1CRUdJTiBDRVJUSUZJQ0FURS0tLS0tCk1JSUNLekNDQWRXZ0F3SUJBZ0lKQU04RHhSTnRQajkwTUEwR0NTcUdTSWIzRFFFQkJRVUFNRVV4Q3pBSkJnTlYKQkFZVEFrRlZNUk13RVFZRFZRUUlFd3BUYjIxbExWTjBZWFJsTVNFd0h3WURWUVFLRXhoSmJuUmxjbTVsZENCWAphV1JuYVhSeklGQjBlU0JNZEdRd0hoY05NVEV3T0RFeU1qQTFNVEl6V2hjTk1USXdPREV4TWpBMU1USXpXakJGCk1Rc3dDUVlEVlFRR0V3SkJWVEVUTUJFR0ExVUVDQk1LVTI5dFpTMVRkR0YwWlRFaE1COEdBMVVFQ2hNWVNXNTAKWlhKdVpYUWdWMmxrWjJsMGN5QlFkSGtnVEhSa01Gd3dEUVlKS29aSWh2Y05BUUVCQlFBRFN3QXdTQUpCQU5jTgptZ200WWxTVUFyMnhkV2VpNWFSVS9EYld0c1E0N2dqa3YyOEVramUzb2IrNnEwTStENXBod1lEY3Y5eWdZbXVKCjV3T2kxY1BwcnNXZEZXbXZTdXNDQXdFQUFhT0JwekNCcERBZEJnTlZIUTRFRmdRVXp5QlI5K3ZFOGJ5Z3F2RDYKQ1ovdzZhUVBpa013ZFFZRFZSMGpCRzR3YklBVXp5QlI5K3ZFOGJ5Z3F2RDZDWi93NmFRUGlrT2hTYVJITUVVeApDekFKQmdOVkJBWVRBa0ZWTVJNd0VRWURWUVFJRXdwVGIyMWxMVk4wWVhSbE1TRXdId1lEVlFRS0V4aEpiblJsCmNtNWxkQ0JYYVdSbmFYUnpJRkIwZVNCTWRHU0NDUURQQThVVGJUNC9kREFNQmdOVkhSTUVCVEFEQVFIL01BMEcKQ1NxR1NJYjNEUUVCQlFVQUEwRUFJUXVQTEEvbWxNSkFNRjY4MGtMN3JlWDVXZ3lSd0F0UnpKSzZGZ05qRTdrUgphTFpRNzlVS1lWWWEwVkF5clJkb05FeVZoRzR0SkZFaVFKemFMV3NsL0E9PQotLS0tLUVORCBDRVJUSUZJQ0FURS0tLS0tCg==</ds:X509Certificate>
        </ds:X509Data>
    </ds:KeyInfo>
</ds:Signature>
